Testing PrismaClient initialization...
DATABASE_URL from env: PRESENT

--- Test 1: Empty constructor ---

--- Test 2: datasourceUrl option ---
node.exe : Test 1 failed: `
PrismaClient` needs to be c
onstructed with a non-empty
, valid `PrismaClientOption
s`:
At line:1 char:1
+ & "C:\Program Files\nodej
s/node.exe" "C:\Users\enes\
AppData\Roaming\n ...
+ ~~~~~~~~~~~~~~~~~~~~~~~~~
~~~~~~~~~~~~~~~~~~~~~~~~~~~
~~~~~~~~~~~~~~~~~
    + CategoryInfo         
     : NotSpecifi    ed: (T
est 1 failed    : ...Client
Options    `::String) [], R
em    oteException
    + FullyQualifiedEr    r
orId : NativeComm    andErr
or
 

```
new PrismaClient({
  ...
})
```

or

```
constructor() {
  super({ ... });
}
```
          
Test 2 failed: Unknown prop
erty datasourceUrl provided
 to PrismaClient constructo
r.
Read more at https://pris.l
y/d/client-constructor

--- Test 3: datasources option ---
Test 3 failed: Unknown prop
erty datasources provided t
o PrismaClient constructor.
Read more at https://pris.l
y/d/client-constructor
